******************************************************************************
                  TI ARM Linker PC v18.12.3                    
******************************************************************************
>> Linked Thu Oct 31 23:40:16 2019

OUTPUT FILE NAME:   <HAMO.out>
ENTRY POINT SYMBOL: "_c_int00_noinit_noargs"  address: 0000100d


MEMORY CONFIGURATION

         name            origin    length      used     unused   attr    fill
----------------------  --------  ---------  --------  --------  ----  --------
  FLASH                 00000000   00040000  00001074  0003ef8c  R  X
  SRAM                  20000000   00008000  00000200  00007e00  RW X


SEGMENT ALLOCATION MAP

run origin  load origin   length   init length attrs members
----------  ----------- ---------- ----------- ----- -------
00000000    00000000    00001074   00001074    r-x
  00000000    00000000    0000026c   0000026c    r-- .intvecs
  0000026c    0000026c    00000e08   00000e08    r-x .text
20000000    20000000    00000200   00000000    rw-
  20000000    20000000    00000200   00000000    rw- .stack


SECTION ALLOCATION MAP

 output                                  attributes/
section   page    origin      length       input sections
--------  ----  ----------  ----------   ----------------
.intvecs   0    00000000    0000026c     
                  00000000    0000026c     tm4c123gh6pm_startup_ccs.obj (.intvecs)

.text      0    0000026c    00000e08     
                  0000026c    00000da0     GPIO_DRV.obj (.text)
                  0000100c    0000002c     rtsv7M4_T_le_v4SPD16_eabi.lib : boot_cortex_m.c.obj (.text:_c_int00_noinit_noargs:_c_int00_noinit_noargs)
                  00001038    00000028     main.obj (.text)
                  00001060    0000000c     tm4c123gh6pm_startup_ccs.obj (.text)
                  0000106c    00000004     rtsv7M4_T_le_v4SPD16_eabi.lib : pre_init.c.obj (.text:_system_pre_init)
                  00001070    00000004                                   : exit.c.obj (.text:abort:abort)

.cinit     0    00000000    00000000     UNINITIALIZED

.init_array 
*          0    00000000    00000000     UNINITIALIZED

.stack     0    20000000    00000200     UNINITIALIZED
                  20000000    00000004     rtsv7M4_T_le_v4SPD16_eabi.lib : boot_cortex_m.c.obj (.stack)
                  20000004    000001fc     --HOLE--

MODULE SUMMARY

       Module                         code   ro data   rw data
       ------                         ----   -------   -------
    .\
       GPIO_DRV.obj                   3488   0         0      
       tm4c123gh6pm_startup_ccs.obj   12     620       0      
       main.obj                       40     0         0      
    +--+------------------------------+------+---------+---------+
       Total:                         3540   620       0      
                                                              
    C:\SPB_Data\ccs\tools\compiler\ti-cgt-arm_18.12.3.LTS\lib\rtsv7M4_T_le_v4SPD16_eabi.lib
       boot_cortex_m.c.obj            44     0         0      
       exit.c.obj                     4      0         0      
       pre_init.c.obj                 4      0         0      
    +--+------------------------------+------+---------+---------+
       Total:                         52     0         0      
                                                              
       Stack:                         0      0         512    
    +--+------------------------------+------+---------+---------+
       Grand Total:                   3592   620       512    


GLOBAL SYMBOLS: SORTED ALPHABETICALLY BY Name 

address   name                  
-------   ----                  
00001071  C$$EXIT               
00000691  GPIO_PIN_INIT         
0000026d  GPIO_PORT_INIT        
00000f21  GPIO_READ_PIN         
00000e95  GPIO_READ_PORT        
00000dd1  GPIO_WRITE_PIN        
00000d4d  GPIO_WRITE_PORT       
00001061  ResetISR              
00001051  SystemInit            
20000200  __STACK_END           
00000200  __STACK_SIZE          
20000200  __STACK_TOP           
ffffffff  __TI_pprof_out_hndl   
ffffffff  __TI_prof_data_size   
ffffffff  __TI_prof_data_start  
00000000  __TI_static_base__    
ffffffff  __binit__             
ffffffff  __c_args__            
UNDEFED   __mpu_init            
20000000  __stack               
0000100d  _c_int00_noinit_noargs
0000106d  _system_pre_init      
00001071  abort                 
ffffffff  binit                 
00000000  g_pfnVectors          
00001039  main                  


GLOBAL SYMBOLS: SORTED BY Symbol Address 

address   name                  
-------   ----                  
00000000  __TI_static_base__    
00000000  g_pfnVectors          
00000200  __STACK_SIZE          
0000026d  GPIO_PORT_INIT        
00000691  GPIO_PIN_INIT         
00000d4d  GPIO_WRITE_PORT       
00000dd1  GPIO_WRITE_PIN        
00000e95  GPIO_READ_PORT        
00000f21  GPIO_READ_PIN         
0000100d  _c_int00_noinit_noargs
00001039  main                  
00001051  SystemInit            
00001061  ResetISR              
0000106d  _system_pre_init      
00001071  C$$EXIT               
00001071  abort                 
20000000  __stack               
20000200  __STACK_END           
20000200  __STACK_TOP           
ffffffff  __TI_pprof_out_hndl   
ffffffff  __TI_prof_data_size   
ffffffff  __TI_prof_data_start  
ffffffff  __binit__             
ffffffff  __c_args__            
ffffffff  binit                 
UNDEFED   __mpu_init            

[26 symbols]
