******************************************************************************
                  TI ARM Linker PC v18.12.3                    
******************************************************************************
>> Linked Sun Feb  2 21:56:18 2020

OUTPUT FILE NAME:   <GPIO.out>
ENTRY POINT SYMBOL: "_c_int00_noinit_noargs"  address: 00000931


MEMORY CONFIGURATION

         name            origin    length      used     unused   attr    fill
----------------------  --------  ---------  --------  --------  ----  --------
  FLASH                 00000000   00040000  0000098a  0003f676  R  X
  SRAM                  20000000   00008000  00000200  00007e00  RW X


SEGMENT ALLOCATION MAP

run origin  load origin   length   init length attrs members
----------  ----------- ---------- ----------- ----- -------
00000000    00000000    0000098a   0000098a    r-x
  00000000    00000000    0000026c   0000026c    r-- .intvecs
  0000026c    0000026c    0000071e   0000071e    r-x .text
20000000    20000000    00000200   00000000    rw-
  20000000    20000000    00000200   00000000    rw- .stack


SECTION ALLOCATION MAP

 output                                  attributes/
section   page    origin      length       input sections
--------  ----  ----------  ----------   ----------------
.intvecs   0    00000000    0000026c     
                  00000000    0000026c     tm4c123gh6pm_startup_ccs.obj (.intvecs)

.text      0    0000026c    0000071e     
                  0000026c    000006c4     GPIO_DRV.obj (.text)
                  00000930    0000002c     rtsv7M4_T_le_v4SPD16_eabi.lib : boot_cortex_m.c.obj (.text:_c_int00_noinit_noargs:_c_int00_noinit_noargs)
                  0000095c    0000001a     main.obj (.text)
                  00000976    0000000c     tm4c123gh6pm_startup_ccs.obj (.text)
                  00000982    00000004     rtsv7M4_T_le_v4SPD16_eabi.lib : pre_init.c.obj (.text:_system_pre_init)
                  00000986    00000004                                   : exit.c.obj (.text:abort:abort)

.cinit     0    00000000    00000000     UNINITIALIZED

.init_array 
*          0    00000000    00000000     UNINITIALIZED

.stack     0    20000000    00000200     UNINITIALIZED
                  20000000    00000004     rtsv7M4_T_le_v4SPD16_eabi.lib : boot_cortex_m.c.obj (.stack)
                  20000004    000001fc     --HOLE--

MODULE SUMMARY

       Module                         code   ro data   rw data
       ------                         ----   -------   -------
    .\
       GPIO_DRV.obj                   1732   0         0      
       tm4c123gh6pm_startup_ccs.obj   12     620       0      
       main.obj                       26     0         0      
    +--+------------------------------+------+---------+---------+
       Total:                         1770   620       0      
                                                              
    C:\ti\ccs920\ccs\tools\compiler\ti-cgt-arm_18.12.3.LTS\lib\rtsv7M4_T_le_v4SPD16_eabi.lib
       boot_cortex_m.c.obj            44     0         0      
       exit.c.obj                     4      0         0      
       pre_init.c.obj                 4      0         0      
    +--+------------------------------+------+---------+---------+
       Total:                         52     0         0      
                                                              
       Stack:                         0      0         512    
    +--+------------------------------+------+---------+---------+
       Grand Total:                   1822   620       512    


GLOBAL SYMBOLS: SORTED ALPHABETICALLY BY Name 

address   name                  
-------   ----                  
00000987  C$$EXIT               
000005b9  GPIO_PIN_INIT         
00000391  GPIO_PORT_INIT        
0000033b  GPIO_READ_PIN         
00000305  GPIO_READ_PORT        
0000029d  GPIO_WRITE_PIN        
0000026d  GPIO_WRITE_PORT       
00000977  ResetISR              
20000200  __STACK_END           
00000200  __STACK_SIZE          
20000200  __STACK_TOP           
ffffffff  __TI_pprof_out_hndl   
ffffffff  __TI_prof_data_size   
ffffffff  __TI_prof_data_start  
00000000  __TI_static_base__    
ffffffff  __binit__             
ffffffff  __c_args__            
UNDEFED   __mpu_init            
20000000  __stack               
00000931  _c_int00_noinit_noargs
00000983  _system_pre_init      
00000987  abort                 
ffffffff  binit                 
00000000  g_pfnVectors          
0000095d  main                  


GLOBAL SYMBOLS: SORTED BY Symbol Address 

address   name                  
-------   ----                  
00000000  __TI_static_base__    
00000000  g_pfnVectors          
00000200  __STACK_SIZE          
0000026d  GPIO_WRITE_PORT       
0000029d  GPIO_WRITE_PIN        
00000305  GPIO_READ_PORT        
0000033b  GPIO_READ_PIN         
00000391  GPIO_PORT_INIT        
000005b9  GPIO_PIN_INIT         
00000931  _c_int00_noinit_noargs
0000095d  main                  
00000977  ResetISR              
00000983  _system_pre_init      
00000987  C$$EXIT               
00000987  abort                 
20000000  __stack               
20000200  __STACK_END           
20000200  __STACK_TOP           
ffffffff  __TI_pprof_out_hndl   
ffffffff  __TI_prof_data_size   
ffffffff  __TI_prof_data_start  
ffffffff  __binit__             
ffffffff  __c_args__            
ffffffff  binit                 
UNDEFED   __mpu_init            

[25 symbols]
